Renesas Optimizing Linker (W2.05.00 )             19-Oct-2016 19:46:53

*** Options ***

-subcommand=DefaultBuild\1st\MotorSystem7.clnk
-library=DefaultBuild\MotorSystem7.lib
-input=DefaultBuild\1st\dbsct.obj
-input=DefaultBuild\1st\intprg.obj
-input=DefaultBuild\1st\resetprg.obj
-input=DefaultBuild\1st\sbrk.obj
-input=DefaultBuild\1st\vecttbl.obj
-input=DefaultBuild\lowlvl_E1.obj
-input=DefaultBuild\1st\lowsrc.obj
-input=DefaultBuild\1st\MotorSystem_Init.obj
-input=DefaultBuild\1st\MotorSystem_Peripheral.obj
-input=DefaultBuild\1st\MotorSystem7.obj
-input=DefaultBuild\1st\MotorSystem_Motor.obj
-input=DefaultBuild\1st\MotorSystem_System.obj
-nodebug
-output=DefaultBuild\1st\MotorSystem7.abs
-map=DefaultBuild\1st\MotorSystem7.bls
-list=DefaultBuild\1st\MotorSystem7.map
-nooptimize
-start=B_1,R_1,B_2,R_2,B,R,SU,SI/04,PResetPRG/0FFFF0000,C_1,C_2,C,C$DSEC,C$BSEC,C$INIT,C$VTBL,C$VECT,D_1,D_2,D,P,PIntPRG,W_1,W_2,W,L/0FFFF0100,FIXEDVECT/0FFFFFFD0
-rom=D=R,D_1=R_1,D_2=R_2
-nologo
-end

*** Error information ***

*** Mapping List ***

SECTION                            START      END         SIZE   ALIGN

B_1
                                  00000004  00000009         6   1
R_1
                                  0000000a  0000005a        51   1
B_2
                                  0000005b  0000005b         0   1
R_2
                                  0000005c  0000005d         2   2
B
                                  00000060  00000517       4b8   4
R
                                  00000518  000007d7       2c0   4
SU
                                  000007d8  000008d7       100   4
SI
                                  000008d8  00000bd7       300   4
PResetPRG
                                  ffff0000  ffff0038        39   1
C_1
                                  ffff0100  ffff01d1        d2   1
C_2
                                  ffff01d2  ffff03d3       202   2
C
                                  ffff03d4  ffff04e3       110   4
C$DSEC
                                  ffff04e4  ffff0507        24   4
C$BSEC
                                  ffff0508  ffff051f        18   4
C$INIT
                                  ffff0520  ffff0520         0   1
C$VTBL
                                  ffff0520  ffff0520         0   1
C$VECT
                                  ffff0520  ffff091f       400   4
D_1
                                  ffff0920  ffff0970        51   1
D_2
                                  ffff0972  ffff0973         2   2
D
                                  ffff0974  ffff0c33       2c0   4
P
                                  ffff0c34  ffff3c18      2fe5   1
PIntPRG
                                  ffff3c19  ffff3cfe        e6   1
W_1
                                  ffff3cff  ffff3cff         0   1
W_2
                                  ffff3cff  ffff3cff         0   1
W
                                  ffff3cff  ffff3cff         0   1
L
                                  ffff3d00  ffff3d94        95   4
$ADDR_C_FFFFFFA0
                                  ffffffa0  ffffffaf        10   1
FIXEDVECT
                                  ffffffd0  ffffffff        30   4
