Renesas Optimizing Linker (W2.05.00 )             30-Mar-2017 12:09:27

*** Options ***

-subcommand=DefaultBuild\MotorSystem7.clnk
-library=DefaultBuild\MotorSystem7.lib
-input=DefaultBuild\dbsct.obj
-input=DefaultBuild\intprg.obj
-input=DefaultBuild\resetprg.obj
-input=DefaultBuild\sbrk.obj
-input=DefaultBuild\vecttbl.obj
-input=DefaultBuild\lowlvl_E1.obj
-input=DefaultBuild\lowsrc.obj
-input=DefaultBuild\MotorSystem_Init.obj
-input=DefaultBuild\MotorSystem_Peripheral.obj
-input=DefaultBuild\MotorSystem7.obj
-input=DefaultBuild\MotorSystem_Motor.obj
-input=DefaultBuild\MotorSystem_System.obj
-input=DefaultBuild\MotorSystem_CanHandle.obj
-input=DefaultBuild\_rx62t_can_driver.obj
-input=DefaultBuild\_rx_can_bus.obj
-output=DefaultBuild\MotorSystem7.abs
-list=DefaultBuild\MotorSystem7.map
-show=symbol,total_size
-nooptimize
-start=B_1,R_1,B_2,R_2,B,R,SU,SI/00000004,PResetPRG/0FFFF0000,C_1,C_2,C,C$DSEC,C$BSEC,C$INIT,C$VTBL,C$VECT,D_1,D_2,D,P,PIntPRG,W_1,W_2,W,L/0FFFF0100,FIXEDVECT/0FFFFFFD0
-rom=D=R,D_1=R_1,D_2=R_2
-nologo
-end

*** Error information ***

*** Mapping List ***

SECTION                            START      END         SIZE   ALIGN

B_1
                                  00000004  00000009         6   1
R_1
                                  0000000a  00000059        50   1
B_2
                                  0000005a  0000005a         0   1
R_2
                                  0000005a  00000069        10   2
B
                                  0000006c  00000bbf       b54   4
R
                                  00000bc0  00000d57       198   4
SU
                                  00000d58  00000e57       100   4
SI
                                  00000e58  00001157       300   4
PResetPRG
                                  ffff0000  ffff0041        42   1
C_1
                                  ffff0100  ffff0100         0   1
C_2
                                  ffff0100  ffff0100         0   1
C
                                  ffff0100  ffff0193        94   4
C$DSEC
                                  ffff0194  ffff01b7        24   4
C$BSEC
                                  ffff01b8  ffff01cf        18   4
C$INIT
                                  ffff01d0  ffff01d0         0   1
C$VTBL
                                  ffff01d0  ffff034f       180   4
C$VECT
                                  ffff0350  ffff074f       400   4
D_1
                                  ffff0750  ffff079f        50   1
D_2
                                  ffff07a0  ffff07af        10   2
D
                                  ffff07b0  ffff0947       198   4
P
                                  ffff0948  ffff2422      1adb   1
PIntPRG
                                  ffff2423  ffff2505        e3   1
W_1
                                  ffff2506  ffff2506         0   1
W_2
                                  ffff2506  ffff2506         0   1
W
                                  ffff2506  ffff2506         0   1
L
                                  ffff2508  ffff2549        42   4
$ADDR_C_FFFFFFA0
                                  ffffffa0  ffffffaf        10   1
FIXEDVECT
                                  ffffffd0  ffffffff        30   4

*** Total Section Size ***

RAMDATA SECTION:  00001152 Byte(s)
ROMDATA SECTION:  000008ca Byte(s)
PROGRAM SECTION:  00001c00 Byte(s)

*** Symbol List ***

SECTION=
FILE=                               START        END    SIZE
  SYMBOL                            ADDR        SIZE    INFO      COUNTS  OPT

SECTION=B_1
FILE=DefaultBuild\lowsrc.obj
                                  00000004  00000009         6
  _flmod
                                  00000004         3   data ,g         * 
  _sml_buf
                                  00000007         3   data ,g         * 

SECTION=R_1
FILE=xfiles
                                  0000000a  00000059        50
  _ebuf
                                  0000000a        50   data ,l         * 

SECTION=R_2
FILE=DefaultBuild\MotorSystem_Peripheral.obj
                                  0000005a  0000005b         2
  _befor_tgra$11
                                  0000005a         2   data ,l         * 
FILE=sqrtf
                                  0000005c  00000069         e
  _cf1S
                                  0000005c         e   data ,l         * 

SECTION=B
FILE=DefaultBuild\sbrk.obj
                                  0000006c  0000046b       400
  _heap_area
                                  0000006c       400   data ,l         * 
FILE=DefaultBuild\lowsrc.obj
                                  0000046c  00000477         c
  __Files
                                  0000046c         c   data ,g         * 
FILE=DefaultBuild\MotorSystem_Peripheral.obj
                                  00000478  0000071f       2a8
  _i_buff$1
                                  00000478       190   data ,l         * 
  _v_data$3
                                  00000608         4   data ,l         * 
  _i_data$4
                                  0000060c         4   data ,l         * 
  ___T1000011$5
                                  00000610         4   data ,l         * 
  _fil$6
                                  00000614        80   data ,l         * 
  _v_data$7
                                  00000694         4   data ,l         * 
  _i_data$8
                                  00000698         4   data ,l         * 
  ___T1000024$9
                                  0000069c         4   data ,l         * 
  _fil$10
                                  000006a0        80   data ,l         * 
FILE=DefaultBuild\MotorSystem7.obj
                                  00000720  000007a7        88
  _g_hw
                                  00000720         4   data ,g         * 
  ___T1000000$1
                                  00000724         4   data ,l         * 
  _hw$2
                                  00000728        80   data ,l         * 
FILE=DefaultBuild\MotorSystem_Motor.obj
                                  000007a8  000007b3         c
  _Current$1
                                  000007a8         4   data ,l         * 
  _Current_ref$2
                                  000007ac         4   data ,l         * 
  _move_pid$3
                                  000007b0         4   data ,l         * 
FILE=DefaultBuild\_rx62t_can_driver.obj
                                  000007b4  00000bb7       404
  _rx62t_CAN_bus::This
                                  000007b4         4   data ,g         * 
  _rx62t_CAN_bus::msg_buff
                                  000007b8       400   data ,g         * 
FILE=_errno
                                  00000bb8  00000bbb         4
  __errno
                                  00000bb8         4   data ,g         * 
FILE=dtor_list
                                  00000bbc  00000bbf         4
  _needed_destruction_head
                                  00000bbc         4   data ,l         * 

SECTION=R
FILE=DefaultBuild\sbrk.obj
                                  00000bc0  00000bc3         4
  _brk
                                  00000bc0         4   data ,l         * 
FILE=DefaultBuild\lowsrc.obj
                                  00000bc4  00000bd7        14
  _env_list
                                  00000bc4        10   data ,g         * 
  _environ
                                  00000bd4         4   data ,g         * 
FILE=DefaultBuild\MotorSystem_Peripheral.obj
                                  00000bd8  00000bdb         4
  _num$2
                                  00000bd8         4   data ,l         * 
FILE=DefaultBuild\MotorSystem7.obj
                                  00000bdc  00000bdf         4
  _g_speed
                                  00000bdc         4   data ,g         * 
FILE=DefaultBuild\MotorSystem_Motor.obj
                                  00000be0  00000be3         4
  _move_pid$4
                                  00000be0         4   data ,l         * 
FILE=sqrtf
                                  00000be4  00000be7         4
  _nan_value
                                  00000be4         4   data ,l         * 
FILE=xfiles
                                  00000be8  00000cbf        d8
  __Stdin
                                  00000be8        48   data ,g         * 
  __Stdout
                                  00000c30        48   data ,g         * 
  __Stderr
                                  00000c78        48   data ,g         * 
FILE=xfvalues
                                  00000cc0  00000d37        78
  __FDenorm
                                  00000cc0        10   data ,g         * 
  __FEps
                                  00000cd0        10   data ,g         * 
  __FHugeval
                                  00000ce0        10   data ,g         * 
  __FInf
                                  00000cf0        10   data ,g         * 
  __FNan
                                  00000d00        10   data ,g         * 
  __FSnan
                                  00000d10        10   data ,g         * 
  __FRteps
                                  00000d20        10   data ,g         * 
  __FXbig
                                  00000d30         4   data ,g         * 
  __FZero
                                  00000d34         4   data ,g         * 
FILE=static_init
                                  00000d38  00000d3f         8
  _use_patch_info
                                  00000d38         4   data ,l         * 
  _dtors_done$1
                                  00000d3c         4   data ,l         * 
FILE=vars
                                  00000d40  00000d47         8
  __new_handler
                                  00000d40         4   data ,g         * 
  ___head
                                  00000d44         4   data ,g         * 
FILE=new_cnst
                                  00000d48  00000d4b         4
  __ec2p_new_handler
                                  00000d48         4   data ,g         * 
FILE=malloc
                                  00000d4c  00000d53         8
  __Aldata
                                  00000d4c         8   data ,g         * 
FILE=munch_dtors
                                  00000d54  00000d57         4
  __dtors
                                  00000d54         4   data ,g         * 

SECTION=SU
FILE=DefaultBuild\resetprg.obj
                                  00000d58  00000e57       100

SECTION=SI
FILE=DefaultBuild\resetprg.obj
                                  00000e58  00001157       300

SECTION=PResetPRG
FILE=DefaultBuild\resetprg.obj
                                  ffff0000  ffff0041        42
  _PowerON_Reset_PC
                                  ffff0000        42   entry,g         * 

SECTION=C
FILE=DefaultBuild\dbsct.obj
                                  ffff0100  ffff0133        34
  __CTBL
                                  ffff0100        34   data ,g         * 
FILE=_nfiles
                                  ffff0134  ffff0137         4
  __nfiles
                                  ffff0134         4   data ,g         * 
FILE=xfoprep
                                  ffff0138  ffff017f        48
  _init$1
                                  ffff0138        48   data ,l         * 
FILE=xfopen
                                  ffff0180  ffff018f        10
  _rwacc$1
                                  ffff0180        10   data ,l         * 
FILE=_sbrk_si
                                  ffff0190  ffff0193         4
  __sbrk_size
                                  ffff0190         4   data ,g         * 

SECTION=C$DSEC
FILE=DefaultBuild\dbsct.obj
                                  ffff0194  ffff01b7        24
  __DTBL
                                  ffff0194        24   data ,g         * 

SECTION=C$BSEC
FILE=DefaultBuild\dbsct.obj
                                  ffff01b8  ffff01cf        18
  __BTBL
                                  ffff01b8        18   data ,g         * 

SECTION=C$VTBL
FILE=DefaultBuild\_rx62t_can_driver.obj
                                  ffff01d0  ffff029b        cc
  virtual function table for CAN_bus
                                  ffff01d0        18   data ,l         * 
  virtual function table for _rx62t_CAN_bus
                                  ffff01e8        b4   data ,g         * 
FILE=DefaultBuild\_rx_can_bus.obj
                                  ffff029c  ffff034f        b4
  virtual function table for _rx_CAN_bus
                                  ffff029c        b4   data ,g         * 

SECTION=C$VECT
FILE=DefaultBuild\dbsct.obj
                                  ffff0350  ffff074f       400

SECTION=D_1
FILE=xfiles
                                  ffff0750  ffff079f        50

SECTION=D_2
FILE=DefaultBuild\MotorSystem_Peripheral.obj
                                  ffff07a0  ffff07a1         2
FILE=sqrtf
                                  ffff07a2  ffff07af         e

SECTION=D
FILE=DefaultBuild\sbrk.obj
                                  ffff07b0  ffff07b3         4
FILE=DefaultBuild\lowsrc.obj
                                  ffff07b4  ffff07c7        14
FILE=DefaultBuild\MotorSystem_Peripheral.obj
                                  ffff07c8  ffff07cb         4
FILE=DefaultBuild\MotorSystem7.obj
                                  ffff07cc  ffff07cf         4
FILE=DefaultBuild\MotorSystem_Motor.obj
                                  ffff07d0  ffff07d3         4
FILE=sqrtf
                                  ffff07d4  ffff07d7         4
FILE=xfiles
                                  ffff07d8  ffff08af        d8
FILE=xfvalues
                                  ffff08b0  ffff0927        78
FILE=static_init
                                  ffff0928  ffff092f         8
FILE=vars
                                  ffff0930  ffff0937         8
FILE=new_cnst
                                  ffff0938  ffff093b         4
FILE=malloc
                                  ffff093c  ffff0943         8
FILE=munch_dtors
                                  ffff0944  ffff0947         4

SECTION=P
FILE=DefaultBuild\sbrk.obj
                                  ffff0948  ffff0968        21
  _sbrk
                                  ffff0948        21   func ,g         * 
FILE=DefaultBuild\lowlvl_E1.obj
                                  ffff0969  ffff0996        2e
  _charput
                                  ffff0969         0   none ,g         * 
  _C2ESTART
                                  ffff0969         0   none ,l         * 
  __TXLOOP
                                  ffff0972         0   none ,l         * 
  __WRITEFC2E0
                                  ffff0978         0   none ,l         * 
  __CHARPUTEXIT
                                  ffff097f         0   none ,l         * 
  _charget
                                  ffff0980         0   none ,g         * 
  __E2CSTART
                                  ffff0980         0   none ,l         * 
  __RXLOOP
                                  ffff0989         0   none ,l         * 
  __READFE2C0
                                  ffff098f         0   none ,l         * 
  __CHARGETEXIT
                                  ffff0996         0   none ,l         * 
FILE=DefaultBuild\lowsrc.obj
                                  ffff0997  ffff0b1f       189
  __INIT_IOLIB
                                  ffff0997        84   func ,g         * 
  __CLOSEALL
                                  ffff0a1b        2b   func ,g         * 
  _open
                                  ffff0a46        67   func ,g         * 
  _close
                                  ffff0aad         3   func ,g         * 
  _write
                                  ffff0ab0        37   func ,g         * 
  _read
                                  ffff0ae7        35   func ,g         * 
  _lseek
                                  ffff0b1c         4   func ,g         * 
FILE=DefaultBuild\MotorSystem_Init.obj
                                  ffff0b20  ffff0e99       37a
  MotorSystem::MotorSystem()
                                  ffff0b20       178   func ,g         * 
  PID<T1>::PID<float>(float, float, float, float) [with T1=float]
                                  ffff0c98        2c   func ,l         * 
  OSC_Init()
                                  ffff0cc4        3c   func ,g         * 
  WDT_Init()
                                  ffff0d00         a   func ,g         * 
  MSTP_Init()
                                  ffff0d0a        24   func ,g         * 
  GPIO_Init()
                                  ffff0d2e        14   func ,g         * 
  GPT_Init()
                                  ffff0d42        5a   func ,g         * 
  MTU0_1_Init()
                                  ffff0d9c        7f   func ,g         * 
  MTU2_Init()
                                  ffff0e1b        34   func ,g         * 
  MTU_Init()
                                  ffff0e4f         5   func ,g         * 
  ADC_Init()
                                  ffff0e54        46   func ,g         * 
FILE=DefaultBuild\MotorSystem_Peripheral.obj
                                  ffff0e9a  ffff129a       401
  abs(float)
                                  ffff0e9a         3   func ,l         * 
  _Combined_type<_Rc_widened<_Rc_type<T1>::_Type, _Rc_type<T2>::_Type>::_Type, _Real_widened<_Real_type<T1>::_Type, _Real_type<T2>::_Type>::_Type>::_Type pow<T1, T2>(T1, T2) [with T1=float, T2=int]
                                  ffff0e9d         2   func ,l         * 
  T1 _Pow_int<T1>(T1, int) [with T1=float]
                                  ffff0e9f        37   func ,l         * 
  MotorSystem::WDT_Start()
                                  ffff0ed6         a   func ,g         * 
  MotorSystem::WDT_Stop()
                                  ffff0ee0         a   func ,g         * 
  MotorSystem::WDT_Clear()
                                  ffff0eea         a   func ,g         * 
  MotorSystem::GPT_ClockStart()
                                  ffff0ef4         f   func ,g         * 
  MotorSystem::GPT_ClockStop()
                                  ffff0f03         8   func ,g         * 
  MotorSystem::GPT_OAE(unsigned char)
                                  ffff0f0b        17   func ,g         * 
  MotorSystem::GPT_OBE(unsigned char)
                                  ffff0f22        12   func ,g         * 
  MotorSystem::MTU_ClockStart()
                                  ffff0f34        13   func ,g         * 
  MotorSystem::MTU_ClockStop()
                                  ffff0f47         c   func ,g         * 
  MotorSystem::CurrentCalibration()
                                  ffff0f53        9d   func ,g         * 
  MotorSystem::GetCurrent()
                                  ffff0ff0        7e   func ,g         * 
  IIR_Filter<T1>::IIR_Filter<float>(float, int) [with T1=float]
                                  ffff106e        2d   func ,l         * 
  float IIR_Filter<T1>::Put(T1) [with T1=float]
                                  ffff109b        19   func ,l         * 
  MotorSystem::GetVelocity()
                                  ffff10b4         3   func ,g         * 
  MotorSystem::PositionControlStart()
                                  ffff10b7         8   func ,g         * 
  MotorSystem::VelocityControlStart()
                                  ffff10bf         8   func ,g         * 
  MotorSystem::CurrentControlStart()
                                  ffff10c7         8   func ,g         * 
  MotorSystem::PositionControlStop()
                                  ffff10cf         8   func ,g         * 
  MotorSystem::VelocityControlStop()
                                  ffff10d7         8   func ,g         * 
  MotorSystem::CurrentControlStop()
                                  ffff10df         8   func ,g         * 
  MotorSystem::AllControlStart()
                                  ffff10e7        12   func ,g         * 
  MotorSystem::AllControlStop()
                                  ffff10f9        12   func ,g         * 
  MotorSystem::VelocityCalculation()
                                  ffff110b        f9   func ,g         * 
  MTU0_TGIA0()
                                  ffff1204        23   func ,g         * 
  MTU0_TGIC0()
                                  ffff1227        2f   func ,g         * 
  MTU1_TCIU1()
                                  ffff1256        11   func ,g         * 
  MTU1_TCIV1()
                                  ffff1267        11   func ,g         * 
  MTU2_TGIA2()
                                  ffff1278        21   func ,g         * 
  S12AD0_S12ADI0()
                                  ffff1299         2   func ,g         * 
FILE=DefaultBuild\MotorSystem7.obj
                                  ffff129b  ffff139a       100
  CMT_Init()
                                  ffff129b        47   func ,g         * 
  Logout()
                                  ffff12e2        2f   func ,g         * 
  _main
                                  ffff1311        33   func ,g         * 
  InitMotorSystem(MotorSystem *)
                                  ffff1344        4d   func ,g         * 
  void PID<T1>::SetPGain(float) [with T1=float]
                                  ffff1391         3   func ,l         * 
  void PID<T1>::SetIGain(float) [with T1=float]
                                  ffff1394         3   func ,l         * 
  void PID<T1>::SetDGain(float) [with T1=float]
                                  ffff1397         3   func ,l         * 
  _abort
                                  ffff139a         1   func ,g         * 
FILE=DefaultBuild\MotorSystem_Motor.obj
                                  ffff139b  ffff158a       1f0
  MotorSystem::SetDuty(float)
                                  ffff139b        a2   func ,g         * 
  MotorSystem::i_TorqueControl()
                                  ffff143d        78   func ,g         * 
  float PID<T1>::Run(T1, T1) [with T1=float]
                                  ffff14b5        45   func ,l         * 
  MotorSystem::i_VelocityControl()
                                  ffff14fa        5d   func ,g         * 
  void PID<T1>::SumReset() [with T1=float]
                                  ffff1557         7   func ,l         * 
  MotorSystem::i_PositionControl()
                                  ffff155e         1   func ,g         * 
  T1 Limit<T1>(T1, T1, T1, bool &) [with T1=float]
                                  ffff155f        1a   func ,g         * 
  T1 Limit<T1>(T1, T1, T1) [with T1=float]
                                  ffff1579        12   func ,g         * 
FILE=DefaultBuild\MotorSystem_System.obj
                                  ffff158b  ffff16b0       126
  MotorSystem::GetMode()
                                  ffff158b         3   func ,g         * 
  MotorSystem::SetMode(MotorSystem_Mode)
                                  ffff158e        61   func ,g         * 
  void PID<T1>::SumReset() [with T1=float]
                                  ffff15ef         7   func ,l         * 
  MotorSystem::SetMode(MotorSystem_ErrorMode)
                                  ffff15f6        20   func ,g         * 
  MotorSystem::IsPause()
                                  ffff1616        10   func ,g         * 
  MotorSystem::IsAction()
                                  ffff1626        17   func ,g         * 
  MotorSystem::IsError()
                                  ffff163d         8   func ,g         * 
  MotorSystem::Calibration()
                                  ffff1645        26   func ,g         * 
  MotorSystem::SetVoltage(float)
                                  ffff166b        11   func ,g         * 
  MotorSystem::SetVelocity(float)
                                  ffff167c        12   func ,g         * 
  MotorSystem::SetTorque(float)
                                  ffff168e        23   func ,g         * 
FILE=DefaultBuild\MotorSystem_CanHandle.obj
                                  ffff16b1  ffff182d       17d
  MotorSystem::SendHandle(CAN_MSG)
                                  ffff16b1         3   func ,g         * 
  MotorSystem::NormalCommandHandle(CAN_MSG)
                                  ffff16b4       171   func ,g         * 
  void PID<T1>::SetPGain(float) [with T1=float]
                                  ffff1825         3   func ,l         * 
  void PID<T1>::SetIGain(float) [with T1=float]
                                  ffff1828         3   func ,l         * 
  void PID<T1>::SetDGain(float) [with T1=float]
                                  ffff182b         3   func ,l         * 
FILE=DefaultBuild\_rx62t_can_driver.obj
                                  ffff182e  ffff1b0f       2e2
  _rx62t_CAN_bus::_rx62t_CAN_bus()
                                  ffff182e        d1   func ,g         * 
  _rx_CAN_bus::_rx_CAN_bus()
                                  ffff18ff        23   func ,l         * 
  CAN_bus::CAN_bus()
                                  ffff1922        18   func ,l         * 
  _rx62t_CAN_bus::SetMode(CAN_Mode)
                                  ffff193a        1b   func ,g         * 
  _rx62t_CAN_bus::SetMask(int, unsigned short, unsigned short)
                                  ffff1955        29   func ,g         * 
  _rx62t_CAN_bus::CAN0_TXM0()
                                  ffff197e        18   func ,g         * 
  _rx62t_CAN_bus::CAN0_RXM0()
                                  ffff1996        18   func ,g         * 
  _rx62t_CAN_bus::p_MB_registe_write(int, CAN_MSG &)
                                  ffff19ae        7a   func ,g         * 
  _rx62t_CAN_bus::p_MB_registe_read(int, CAN_MSG &)
                                  ffff1a28        49   func ,g         * 
  _rx62t_CAN_bus::p_MIER_registe_write(int, int)
                                  ffff1a71        12   func ,g         * 
  _rx62t_CAN_bus::p_MKIVLR_registe_write(int, int)
                                  ffff1a83        12   func ,g         * 
  _rx62t_CAN_bus::p_MCTL_registe_write(int, unsigned char)
                                  ffff1a95         9   func ,g         * 
  _rx62t_CAN_bus::p_MCTL_TRMREQ_registe_write(int, int)
                                  ffff1a9e        13   func ,g         * 
  _rx62t_CAN_bus::p_MCTL_RECREQ_registe_write(int, int)
                                  ffff1ab1        1a   func ,g         * 
  _rx62t_CAN_bus::p_MCTL_is_use(int)
                                  ffff1acb         e   func ,g         * 
  _rx62t_CAN_bus::p_STR_SDST()
                                  ffff1ad9         c   func ,g         * 
  _rx62t_CAN_bus::p_STR_NDST()
                                  ffff1ae5         a   func ,g         * 
  _rx62t_CAN_bus::p_STR_SENDDATA(int)
                                  ffff1aef         b   func ,g         * 
  _rx62t_CAN_bus::p_STR_NEWDATA(int)
                                  ffff1afa         b   func ,g         * 
  _rx62t_CAN_bus::GetMsgBuff(int)
                                  ffff1b05         b   func ,g         * 
FILE=DefaultBuild\_rx_can_bus.obj
                                  ffff1b10  ffff1dd0       2c1
  _rx_CAN_bus::Send(CAN_MSG)
                                  ffff1b10        7e   func ,g         * 
  _rx_CAN_bus::ReceiveSet(CAN_MSG, bool)
                                  ffff1b8e        90   func ,g         * 
  _rx_CAN_bus::ReceiveSet(CAN_MSG, unsigned short, bool)
                                  ffff1c1e        8e   func ,g         * 
  _rx_CAN_bus::HandleCall(int)
                                  ffff1cac        4e   func ,g         * 
  _rx_CAN_bus::RXM()
                                  ffff1cfa        64   func ,g         * 
  _rx_CAN_bus::TXM()
                                  ffff1d5e        73   func ,g         * 
FILE=sqrtf
                                  ffff1dd1  ffff1ea4        d4
  _in_sqrtf1
                                  ffff1dd1        4f   func ,l         * 
  _sqrt_rare0
                                  ffff1e20        27   func ,l         * 
  _sqrtl
                                  ffff1e47         2   func ,g         * 
  _sqrt
                                  ffff1e49         2   func ,g         * 
  _sqrtf
                                  ffff1e4b        5a   func ,g         * 
FILE=freopen
                                  ffff1ea5  ffff1ed3        2f
  _freopen
                                  ffff1ea5        2f   func ,g         * 
FILE=fclose
                                  ffff1ed4  ffff1f27        54
  _fclose
                                  ffff1ed4        54   func ,g         * 
FILE=new
                                  ffff1f28  ffff1f67        40
  operator new(unsigned long)
                                  ffff1f28        40   func ,g         * 
FILE=pure_virt
                                  ffff1f68  ffff1f6d         6
  ___pure_virtual_called
                                  ffff1f68         6   func ,g         * 
FILE=cppinit
                                  ffff1f6e  ffff1f8d        20
  __CALL_INIT
                                  ffff1f6e        1c   func ,g         * 
  __CALL_END
                                  ffff1f8a         4   func ,g         * 
FILE=__initsct
                                  ffff1f8e  ffff1fd7        4a
  __INITSCT
                                  ffff1f8e         0   none ,g         * 
  loop1
                                  ffff1fa0         0   none ,l         * 
  next_loop1
                                  ffff1fae         0   none ,l         * 
  loop3
                                  ffff1fc0         0   none ,l         * 
  next_loop3
                                  ffff1fd1         0   none ,l         * 
FILE=fflush
                                  ffff1fd8  ffff205a        83
  _fflush
                                  ffff1fd8        83   func ,g         * 
FILE=xfoprep
                                  ffff205b  ffff2132        d8
  __Foprep
                                  ffff205b        d8   func ,g         * 
FILE=xfofind
                                  ffff2133  ffff21c0        8e
  __Fofind
                                  ffff2133        45   func ,g         * 
  __Fofree
                                  ffff2178        49   func ,g         * 
FILE=error
                                  ffff21c1  ffff21c4         4
  ___abort_execution
                                  ffff21c1         4   func ,g         * 
FILE=newhandler
                                  ffff21c5  ffff21c5         1
  __default_new_handler()
                                  ffff21c5         1   func ,g         * 
FILE=static_init
                                  ffff21c6  ffff222b        66
  __call_dtors()
                                  ffff21c6        66   func ,g         * 
FILE=free
                                  ffff222c  ffff22ae        83
  _free
                                  ffff222c        83   func ,g         * 
FILE=malloc
                                  ffff22af  ffff238c        de
  _findmem
                                  ffff22af        7b   func ,l         * 
  _malloc
                                  ffff232a        63   func ,g         * 
FILE=xfopen
                                  ffff238d  ffff23bc        30
  __Fopen
                                  ffff238d        30   func ,g         * 
FILE=dtor_list
                                  ffff23bd  ffff2407        4b
  __process_needed_destructions()
                                  ffff23bd        26   func ,g         * 
  ___already_marked_for_destruction
                                  ffff23e3         6   func ,g         * 
  ___record_needed_destruction
                                  ffff23e9        1d   func ,g         * 
  ___std__needed_destruction_list
                                  ffff2406         2   func ,g         * 
FILE=xgetmem
                                  ffff2408  ffff2422        1b
  __Getmem
                                  ffff2408        1b   func ,g         * 

SECTION=PIntPRG
FILE=DefaultBuild\intprg.obj
                                  ffff2423  ffff2505        e3
  _Excep_SuperVisorInst
                                  ffff2423         2   func ,g         * 
  _Excep_AccessInst
                                  ffff2425         2   func ,g         * 
  _Excep_UndefinedInst
                                  ffff2427         2   func ,g         * 
  _Excep_FloatingPoint
                                  ffff2429         2   func ,g         * 
  _NonMaskableInterrupt
                                  ffff242b         2   func ,g         * 
  _Dummy
                                  ffff242d         2   func ,g         * 
  _Excep_BRK
                                  ffff242f         4   func ,g         * 
  _Excep_BSC_BUSERR
                                  ffff2433         2   func ,g         * 
  _Excep_FCUIF_FIFERR
                                  ffff2435         2   func ,g         * 
  _Excep_FCUIF_FRDYI
                                  ffff2437         2   func ,g         * 
  _Excep_ICU_SWINT
                                  ffff2439         2   func ,g         * 
  _Excep_CMT0_CMI0
                                  ffff243b         1   func ,g         * 
  _Excep_CMT1_CMI1
                                  ffff243c         2   func ,g         * 
  _Excep_CMT2_CMI2
                                  ffff243e         2   func ,g         * 
  _Excep_CMT3_CMI3
                                  ffff2440         2   func ,g         * 
  _Excep_RSPI0_SPEI0
                                  ffff2442         2   func ,g         * 
  _Excep_RSPI0_SPRI0
                                  ffff2444         2   func ,g         * 
  _Excep_RSPI0_SPTI0
                                  ffff2446         2   func ,g         * 
  _Excep_RSPI0_SPII0
                                  ffff2448         2   func ,g         * 
  _Excep_CAN0_ERS0
                                  ffff244a         2   func ,g         * 
  _Excep_CAN0_RXF0
                                  ffff244c         2   func ,g         * 
  _Excep_CAN0_TXF0
                                  ffff244e         2   func ,g         * 
  _Excep_CAN0_RXM0
                                  ffff2450         1   func ,g         * 
  _Excep_CAN0_TXM0
                                  ffff2451         1   func ,g         * 
  _Excep_ICU_IRQ0
                                  ffff2452         2   func ,g         * 
  _Excep_ICU_IRQ1
                                  ffff2454         2   func ,g         * 
  _Excep_ICU_IRQ2
                                  ffff2456         2   func ,g         * 
  _Excep_ICU_IRQ3
                                  ffff2458         2   func ,g         * 
  _Excep_ICU_IRQ4
                                  ffff245a         2   func ,g         * 
  _Excep_ICU_IRQ5
                                  ffff245c         2   func ,g         * 
  _Excep_ICU_IRQ6
                                  ffff245e         2   func ,g         * 
  _Excep_ICU_IRQ7
                                  ffff2460         2   func ,g         * 
  _Excep_WDT_WOVI
                                  ffff2462         2   func ,g         * 
  _Excep_AD0_ADI0
                                  ffff2464         2   func ,g         * 
  _Excep_S12AD0_S12ADI0
                                  ffff2466         1   func ,g         * 
  _Excep_S12AD1_S12ADI1
                                  ffff2467         2   func ,g         * 
  _Excep_CMPB_CMPI
                                  ffff2469         2   func ,g         * 
  _Excep_MTU0_TGIA0
                                  ffff246b         1   func ,g         * 
  _Excep_MTU0_TGIB0
                                  ffff246c         2   func ,g         * 
  _Excep_MTU0_TGIC0
                                  ffff246e         1   func ,g         * 
  _Excep_MTU0_TGID0
                                  ffff246f         2   func ,g         * 
  _Excep_MTU0_TCIV0
                                  ffff2471         2   func ,g         * 
  _Excep_MTU0_TGIE0
                                  ffff2473         2   func ,g         * 
  _Excep_MTU0_TGIF0
                                  ffff2475         2   func ,g         * 
  _Excep_MTU1_TGIA1
                                  ffff2477         2   func ,g         * 
  _Excep_MTU1_TGIB1
                                  ffff2479         2   func ,g         * 
  _Excep_MTU1_TCIV1
                                  ffff247b         1   func ,g         * 
  _Excep_MTU1_TCIU1
                                  ffff247c         1   func ,g         * 
  _Excep_MTU2_TGIA2
                                  ffff247d         1   func ,g         * 
  _Excep_MTU2_TGIB2
                                  ffff247e         2   func ,g         * 
  _Excep_MTU2_TCIV2
                                  ffff2480         2   func ,g         * 
  _Excep_MTU2_TCIU2
                                  ffff2482         2   func ,g         * 
  _Excep_MTU3_TGIA3
                                  ffff2484         2   func ,g         * 
  _Excep_MTU3_TGIB3
                                  ffff2486         2   func ,g         * 
  _Excep_MTU3_TGIC3
                                  ffff2488         2   func ,g         * 
  _Excep_MTU3_TGID3
                                  ffff248a         2   func ,g         * 
  _Excep_MTU3_TCIV3
                                  ffff248c         2   func ,g         * 
  _Excep_MTU4_TGIA4
                                  ffff248e         2   func ,g         * 
  _Excep_MTU4_TGIB4
                                  ffff2490         2   func ,g         * 
  _Excep_MTU4_TGIC4
                                  ffff2492         2   func ,g         * 
  _Excep_MTU4_TGID4
                                  ffff2494         2   func ,g         * 
  _Excep_MTU4_TCIV4
                                  ffff2496         2   func ,g         * 
  _Excep_MTU5_TGIU5
                                  ffff2498         2   func ,g         * 
  _Excep_MTU5_TGIV5
                                  ffff249a         2   func ,g         * 
  _Excep_MTU5_TGIW5
                                  ffff249c         2   func ,g         * 
  _Excep_MTU6_TGIA6
                                  ffff249e         2   func ,g         * 
  _Excep_MTU6_TGIB6
                                  ffff24a0         2   func ,g         * 
  _Excep_MTU6_TGIC6
                                  ffff24a2         2   func ,g         * 
  _Excep_MTU6_TGID6
                                  ffff24a4         2   func ,g         * 
  _Excep_MTU6_TCIV6
                                  ffff24a6         2   func ,g         * 
  _Excep_MTU7_TGIA7
                                  ffff24a8         2   func ,g         * 
  _Excep_MTU7_TGIB7
                                  ffff24aa         2   func ,g         * 
  _Excep_MTU7_TGIC7
                                  ffff24ac         2   func ,g         * 
  _Excep_MTU7_TGID7
                                  ffff24ae         2   func ,g         * 
  _Excep_MTU7_TCIV7
                                  ffff24b0         2   func ,g         * 
  _Excep_POE_OEI1
                                  ffff24b2         2   func ,g         * 
  _Excep_POE_OEI2
                                  ffff24b4         2   func ,g         * 
  _Excep_POE_OEI3
                                  ffff24b6         2   func ,g         * 
  _Excep_POE_OEI4
                                  ffff24b8         2   func ,g         * 
  _Excep_GPT0_GTCIA0
                                  ffff24ba         2   func ,g         * 
  _Excep_GPT0_GTCIB0
                                  ffff24bc         2   func ,g         * 
  _Excep_GPT0_GTCIC0
                                  ffff24be         2   func ,g         * 
  _Excep_GPT0_GTCIE0
                                  ffff24c0         2   func ,g         * 
  _Excep_GPT0_GTCIV0
                                  ffff24c2         2   func ,g         * 
  _Excep_GPT0_LOCO1
                                  ffff24c4         2   func ,g         * 
  _Excep_GPT1_GTCIA1
                                  ffff24c6         2   func ,g         * 
  _Excep_GPT1_GTCIB1
                                  ffff24c8         2   func ,g         * 
  _Excep_GPT1_GTCIC1
                                  ffff24ca         2   func ,g         * 
  _Excep_GPT1_GTCIE1
                                  ffff24cc         2   func ,g         * 
  _Excep_GPT1_GTCIV1
                                  ffff24ce         2   func ,g         * 
  _Excep_GPT2_GTCIA2
                                  ffff24d0         2   func ,g         * 
  _Excep_GPT2_GTCIB2
                                  ffff24d2         2   func ,g         * 
  _Excep_GPT2_GTCIC2
                                  ffff24d4         2   func ,g         * 
  _Excep_GPT2_GTCIE2
                                  ffff24d6         2   func ,g         * 
  _Excep_GPT2_GTCIV2
                                  ffff24d8         2   func ,g         * 
  _Excep_GPT3_GTCIA3
                                  ffff24da         2   func ,g         * 
  _Excep_GPT3_GTCIB3
                                  ffff24dc         2   func ,g         * 
  _Excep_GPT3_GTCIC3
                                  ffff24de         2   func ,g         * 
  _Excep_GPT3_GTCIE3
                                  ffff24e0         2   func ,g         * 
  _Excep_GPT3_GTCIV3
                                  ffff24e2         2   func ,g         * 
  _Excep_SCI0_ERI0
                                  ffff24e4         2   func ,g         * 
  _Excep_SCI0_RXI0
                                  ffff24e6         2   func ,g         * 
  _Excep_SCI0_TXI0
                                  ffff24e8         2   func ,g         * 
  _Excep_SCI0_TEI0
                                  ffff24ea         2   func ,g         * 
  _Excep_SCI1_ERI1
                                  ffff24ec         2   func ,g         * 
  _Excep_SCI1_RXI1
                                  ffff24ee         2   func ,g         * 
  _Excep_SCI1_TXI1
                                  ffff24f0         2   func ,g         * 
  _Excep_SCI1_TEI1
                                  ffff24f2         2   func ,g         * 
  _Excep_SCI2_ERI2
                                  ffff24f4         2   func ,g         * 
  _Excep_SCI2_RXI2
                                  ffff24f6         2   func ,g         * 
  _Excep_SCI2_TXI2
                                  ffff24f8         2   func ,g         * 
  _Excep_SCI2_TEI2
                                  ffff24fa         2   func ,g         * 
  _Excep_RIIC0_ICEEI0
                                  ffff24fc         2   func ,g         * 
  _Excep_RIIC0_ICRXI0
                                  ffff24fe         2   func ,g         * 
  _Excep_RIIC0_ICTXI0
                                  ffff2500         2   func ,g         * 
  _Excep_RIIC0_ICTEI0
                                  ffff2502         2   func ,g         * 
  _Excep_LIN0_LIN0
                                  ffff2504         2   func ,g         * 

SECTION=L
FILE=DefaultBuild\lowsrc.obj
                                  ffff2508  ffff2549        42

SECTION=$ADDR_C_FFFFFFA0
FILE=DefaultBuild\vecttbl.obj
                                  ffffffa0  ffffffaf        10
  _id_code
                                  ffffffa0        10   data ,g         * 

SECTION=FIXEDVECT
FILE=DefaultBuild\vecttbl.obj
                                  ffffffd0  ffffffff        30
  _Fixed_Vectors
                                  ffffffd0        30   data ,g         * 

Absolute value symbols
FILE=DefaultBuild\lowlvl_E1.obj
  TXFL0EN
                                  00000100         0   none ,l         * 
  RXFL0EN
                                  00001000         0   none ,l         * 
  FE2C0
                                  00084090         0   none ,l         * 
  DBGSTAT
                                  000840c0         0   none ,l         * 
  FC2E0
                                  00084080         0   none ,l         * 

*** Unfilled Areas ***

AREA                                START    END

*** Delete Symbols ***

SYMBOL                                SIZE    INFO
