Renesas Optimizing Linker (W2.05.00 )             24-Mar-2017 21:26:02

*** Options ***

-subcommand=DefaultBuild\MotorSystem7.clnk
-library=DefaultBuild\MotorSystem7.lib
-input=DefaultBuild\dbsct.obj
-input=DefaultBuild\intprg.obj
-input=DefaultBuild\resetprg.obj
-input=DefaultBuild\sbrk.obj
-input=DefaultBuild\vecttbl.obj
-input=DefaultBuild\lowlvl_E1.obj
-input=DefaultBuild\lowsrc.obj
-input=DefaultBuild\MotorSystem_Init.obj
-input=DefaultBuild\MotorSystem_Peripheral.obj
-input=DefaultBuild\MotorSystem7.obj
-input=DefaultBuild\MotorSystem_Motor.obj
-input=DefaultBuild\MotorSystem_System.obj
-input=DefaultBuild\MotorSystem_CanHandle.obj
-input=DefaultBuild\_rx62t_can_driver.obj
-input=DefaultBuild\_rx_can_bus.obj
-output=DefaultBuild\MotorSystem7.abs
-list=DefaultBuild\MotorSystem7.map
-show=symbol,total_size
-nooptimize
-start=B_1,R_1,B_2,R_2,B,R,SU,SI/00000004,PResetPRG/0FFFF0000,C_1,C_2,C,C$DSEC,C$BSEC,C$INIT,C$VTBL,C$VECT,D_1,D_2,D,P,PIntPRG,W_1,W_2,W,L/0FFFF0100,FIXEDVECT/0FFFFFFD0
-rom=D=R,D_1=R_1,D_2=R_2
-nologo
-end

*** Error information ***

*** Mapping List ***

SECTION                            START      END         SIZE   ALIGN

B_1
                                  00000004  00000009         6   1
R_1
                                  0000000a  00000059        50   1
B_2
                                  0000005a  0000005a         0   1
R_2
                                  0000005a  00000069        10   2
B
                                  0000006c  00000b3b       ad0   4
R
                                  00000b3c  00000cf3       1b8   4
SU
                                  00000cf4  00000df3       100   4
SI
                                  00000df4  000010f3       300   4
PResetPRG
                                  ffff0000  ffff0040        41   1
C_1
                                  ffff0100  ffff0100         0   1
C_2
                                  ffff0100  ffff0100         0   1
C
                                  ffff0100  ffff0193        94   4
C$DSEC
                                  ffff0194  ffff01b7        24   4
C$BSEC
                                  ffff01b8  ffff01cf        18   4
C$INIT
                                  ffff01d0  ffff01d0         0   1
C$VTBL
                                  ffff01d0  ffff034f       180   4
C$VECT
                                  ffff0350  ffff074f       400   4
D_1
                                  ffff0750  ffff079f        50   1
D_2
                                  ffff07a0  ffff07af        10   2
D
                                  ffff07b0  ffff0967       1b8   4
P
                                  ffff0968  ffff2458      1af1   1
PIntPRG
                                  ffff2459  ffff253b        e3   1
W_1
                                  ffff253c  ffff253c         0   1
W_2
                                  ffff253c  ffff253c         0   1
W
                                  ffff253c  ffff253c         0   1
L
                                  ffff253c  ffff257d        42   4
$ADDR_C_FFFFFFA0
                                  ffffffa0  ffffffaf        10   1
FIXEDVECT
                                  ffffffd0  ffffffff        30   4

*** Total Section Size ***

RAMDATA SECTION:  000010ee Byte(s)
ROMDATA SECTION:  000008ea Byte(s)
PROGRAM SECTION:  00001c15 Byte(s)

*** Symbol List ***

SECTION=
FILE=                               START        END    SIZE
  SYMBOL                            ADDR        SIZE    INFO      COUNTS  OPT

SECTION=B_1
FILE=DefaultBuild\lowsrc.obj
                                  00000004  00000009         6
  _flmod
                                  00000004         3   data ,g         * 
  _sml_buf
                                  00000007         3   data ,g         * 

SECTION=R_1
FILE=xfiles
                                  0000000a  00000059        50
  _ebuf
                                  0000000a        50   data ,l         * 

SECTION=R_2
FILE=DefaultBuild\MotorSystem_Peripheral.obj
                                  0000005a  0000005b         2
  _befor_tgra$9
                                  0000005a         2   data ,l         * 
FILE=sqrtf
                                  0000005c  00000069         e
  _cf1S
                                  0000005c         e   data ,l         * 

SECTION=B
FILE=DefaultBuild\sbrk.obj
                                  0000006c  0000046b       400
  _heap_area
                                  0000006c       400   data ,l         * 
FILE=DefaultBuild\lowsrc.obj
                                  0000046c  00000477         c
  __Files
                                  0000046c         c   data ,g         * 
FILE=DefaultBuild\MotorSystem_Peripheral.obj
                                  00000478  0000069b       224
  _i_buff$1
                                  00000478       190   data ,l         * 
  _v_data$3
                                  00000608         4   data ,l         * 
  _i_data$4
                                  0000060c         4   data ,l         * 
  ___T1000011$5
                                  00000610         4   data ,l         * 
  _fil$6
                                  00000614        80   data ,l         * 
  _v_data$7
                                  00000694         4   data ,l         * 
  _i_data$8
                                  00000698         4   data ,l         * 
FILE=DefaultBuild\MotorSystem7.obj
                                  0000069c  00000723        88
  _g_hw
                                  0000069c         4   data ,g         * 
  ___T1000000$1
                                  000006a0         4   data ,l         * 
  _hw$2
                                  000006a4        80   data ,l         * 
FILE=DefaultBuild\MotorSystem_Motor.obj
                                  00000724  0000072f         c
  _Current$1
                                  00000724         4   data ,l         * 
  _Current_ref$2
                                  00000728         4   data ,l         * 
  _move_pid$3
                                  0000072c         4   data ,l         * 
FILE=DefaultBuild\_rx62t_can_driver.obj
                                  00000730  00000b33       404
  _rx62t_CAN_bus::This
                                  00000730         4   data ,g         * 
  _rx62t_CAN_bus::msg_buff
                                  00000734       400   data ,g         * 
FILE=_errno
                                  00000b34  00000b37         4
  __errno
                                  00000b34         4   data ,g         * 
FILE=dtor_list
                                  00000b38  00000b3b         4
  _needed_destruction_head
                                  00000b38         4   data ,l         * 

SECTION=R
FILE=DefaultBuild\sbrk.obj
                                  00000b3c  00000b3f         4
  _brk
                                  00000b3c         4   data ,l         * 
FILE=DefaultBuild\lowsrc.obj
                                  00000b40  00000b53        14
  _env_list
                                  00000b40        10   data ,g         * 
  _environ
                                  00000b50         4   data ,g         * 
FILE=DefaultBuild\MotorSystem_Peripheral.obj
                                  00000b54  00000b77        24
  _num$2
                                  00000b54         4   data ,l         * 
  _speed_buff$10
                                  00000b58        20   data ,l         * 
FILE=DefaultBuild\MotorSystem7.obj
                                  00000b78  00000b7b         4
  _g_speed
                                  00000b78         4   data ,g         * 
FILE=DefaultBuild\MotorSystem_Motor.obj
                                  00000b7c  00000b7f         4
  _move_pid$4
                                  00000b7c         4   data ,l         * 
FILE=sqrtf
                                  00000b80  00000b83         4
  _nan_value
                                  00000b80         4   data ,l         * 
FILE=xfiles
                                  00000b84  00000c5b        d8
  __Stdin
                                  00000b84        48   data ,g         * 
  __Stdout
                                  00000bcc        48   data ,g         * 
  __Stderr
                                  00000c14        48   data ,g         * 
FILE=xfvalues
                                  00000c5c  00000cd3        78
  __FDenorm
                                  00000c5c        10   data ,g         * 
  __FEps
                                  00000c6c        10   data ,g         * 
  __FHugeval
                                  00000c7c        10   data ,g         * 
  __FInf
                                  00000c8c        10   data ,g         * 
  __FNan
                                  00000c9c        10   data ,g         * 
  __FSnan
                                  00000cac        10   data ,g         * 
  __FRteps
                                  00000cbc        10   data ,g         * 
  __FXbig
                                  00000ccc         4   data ,g         * 
  __FZero
                                  00000cd0         4   data ,g         * 
FILE=static_init
                                  00000cd4  00000cdb         8
  _use_patch_info
                                  00000cd4         4   data ,l         * 
  _dtors_done$1
                                  00000cd8         4   data ,l         * 
FILE=vars
                                  00000cdc  00000ce3         8
  __new_handler
                                  00000cdc         4   data ,g         * 
  ___head
                                  00000ce0         4   data ,g         * 
FILE=new_cnst
                                  00000ce4  00000ce7         4
  __ec2p_new_handler
                                  00000ce4         4   data ,g         * 
FILE=malloc
                                  00000ce8  00000cef         8
  __Aldata
                                  00000ce8         8   data ,g         * 
FILE=munch_dtors
                                  00000cf0  00000cf3         4
  __dtors
                                  00000cf0         4   data ,g         * 

SECTION=SU
FILE=DefaultBuild\resetprg.obj
                                  00000cf4  00000df3       100

SECTION=SI
FILE=DefaultBuild\resetprg.obj
                                  00000df4  000010f3       300

SECTION=PResetPRG
FILE=DefaultBuild\resetprg.obj
                                  ffff0000  ffff0040        41
  _PowerON_Reset_PC
                                  ffff0000        41   entry,g         * 

SECTION=C
FILE=DefaultBuild\dbsct.obj
                                  ffff0100  ffff0133        34
  __CTBL
                                  ffff0100        34   data ,g         * 
FILE=_nfiles
                                  ffff0134  ffff0137         4
  __nfiles
                                  ffff0134         4   data ,g         * 
FILE=xfoprep
                                  ffff0138  ffff017f        48
  _init$1
                                  ffff0138        48   data ,l         * 
FILE=xfopen
                                  ffff0180  ffff018f        10
  _rwacc$1
                                  ffff0180        10   data ,l         * 
FILE=_sbrk_si
                                  ffff0190  ffff0193         4
  __sbrk_size
                                  ffff0190         4   data ,g         * 

SECTION=C$DSEC
FILE=DefaultBuild\dbsct.obj
                                  ffff0194  ffff01b7        24
  __DTBL
                                  ffff0194        24   data ,g         * 

SECTION=C$BSEC
FILE=DefaultBuild\dbsct.obj
                                  ffff01b8  ffff01cf        18
  __BTBL
                                  ffff01b8        18   data ,g         * 

SECTION=C$VTBL
FILE=DefaultBuild\_rx62t_can_driver.obj
                                  ffff01d0  ffff029b        cc
  virtual function table for CAN_bus
                                  ffff01d0        18   data ,l         * 
  virtual function table for _rx62t_CAN_bus
                                  ffff01e8        b4   data ,g         * 
FILE=DefaultBuild\_rx_can_bus.obj
                                  ffff029c  ffff034f        b4
  virtual function table for _rx_CAN_bus
                                  ffff029c        b4   data ,g         * 

SECTION=C$VECT
FILE=DefaultBuild\dbsct.obj
                                  ffff0350  ffff074f       400

SECTION=D_1
FILE=xfiles
                                  ffff0750  ffff079f        50

SECTION=D_2
FILE=DefaultBuild\MotorSystem_Peripheral.obj
                                  ffff07a0  ffff07a1         2
FILE=sqrtf
                                  ffff07a2  ffff07af         e

SECTION=D
FILE=DefaultBuild\sbrk.obj
                                  ffff07b0  ffff07b3         4
FILE=DefaultBuild\lowsrc.obj
                                  ffff07b4  ffff07c7        14
FILE=DefaultBuild\MotorSystem_Peripheral.obj
                                  ffff07c8  ffff07eb        24
FILE=DefaultBuild\MotorSystem7.obj
                                  ffff07ec  ffff07ef         4
FILE=DefaultBuild\MotorSystem_Motor.obj
                                  ffff07f0  ffff07f3         4
FILE=sqrtf
                                  ffff07f4  ffff07f7         4
FILE=xfiles
                                  ffff07f8  ffff08cf        d8
FILE=xfvalues
                                  ffff08d0  ffff0947        78
FILE=static_init
                                  ffff0948  ffff094f         8
FILE=vars
                                  ffff0950  ffff0957         8
FILE=new_cnst
                                  ffff0958  ffff095b         4
FILE=malloc
                                  ffff095c  ffff0963         8
FILE=munch_dtors
                                  ffff0964  ffff0967         4

SECTION=P
FILE=DefaultBuild\sbrk.obj
                                  ffff0968  ffff0988        21
  _sbrk
                                  ffff0968        21   func ,g         * 
FILE=DefaultBuild\lowlvl_E1.obj
                                  ffff0989  ffff09b6        2e
  _charput
                                  ffff0989         0   none ,g         * 
  _C2ESTART
                                  ffff0989         0   none ,l         * 
  __TXLOOP
                                  ffff0992         0   none ,l         * 
  __WRITEFC2E0
                                  ffff0998         0   none ,l         * 
  __CHARPUTEXIT
                                  ffff099f         0   none ,l         * 
  _charget
                                  ffff09a0         0   none ,g         * 
  __E2CSTART
                                  ffff09a0         0   none ,l         * 
  __RXLOOP
                                  ffff09a9         0   none ,l         * 
  __READFE2C0
                                  ffff09af         0   none ,l         * 
  __CHARGETEXIT
                                  ffff09b6         0   none ,l         * 
FILE=DefaultBuild\lowsrc.obj
                                  ffff09b7  ffff0b3f       189
  __INIT_IOLIB
                                  ffff09b7        84   func ,g         * 
  __CLOSEALL
                                  ffff0a3b        2b   func ,g         * 
  _open
                                  ffff0a66        67   func ,g         * 
  _close
                                  ffff0acd         3   func ,g         * 
  _write
                                  ffff0ad0        37   func ,g         * 
  _read
                                  ffff0b07        35   func ,g         * 
  _lseek
                                  ffff0b3c         4   func ,g         * 
FILE=DefaultBuild\MotorSystem_Init.obj
                                  ffff0b40  ffff0e96       357
  MotorSystem::MotorSystem()
                                  ffff0b40       175   func ,g         * 
  PID<T1>::PID<float>(float, float, float, float) [with T1=float]
                                  ffff0cb5        2c   func ,l         * 
  OSC_Init()
                                  ffff0ce1        1a   func ,g         * 
  WDT_Init()
                                  ffff0cfb         a   func ,g         * 
  MSTP_Init()
                                  ffff0d05        24   func ,g         * 
  GPIO_Init()
                                  ffff0d29        14   func ,g         * 
  GPT_Init()
                                  ffff0d3d        5a   func ,g         * 
  MTU0_1_Init()
                                  ffff0d97        81   func ,g         * 
  MTU2_Init()
                                  ffff0e18        34   func ,g         * 
  MTU_Init()
                                  ffff0e4c         5   func ,g         * 
  ADC_Init()
                                  ffff0e51        46   func ,g         * 
FILE=DefaultBuild\MotorSystem_Peripheral.obj
                                  ffff0e97  ffff12a1       40b
  abs(float)
                                  ffff0e97         3   func ,l         * 
  _Combined_type<_Rc_widened<_Rc_type<T1>::_Type, _Rc_type<T2>::_Type>::_Type, _Real_widened<_Real_type<T1>::_Type, _Real_type<T2>::_Type>::_Type>::_Type pow<T1, T2>(T1, T2) [with T1=float, T2=int]
                                  ffff0e9a         2   func ,l         * 
  T1 _Pow_int<T1>(T1, int) [with T1=float]
                                  ffff0e9c        37   func ,l         * 
  MotorSystem::WDT_Start()
                                  ffff0ed3         a   func ,g         * 
  MotorSystem::WDT_Stop()
                                  ffff0edd         a   func ,g         * 
  MotorSystem::WDT_Clear()
                                  ffff0ee7         a   func ,g         * 
  MotorSystem::GPT_ClockStart()
                                  ffff0ef1         f   func ,g         * 
  MotorSystem::GPT_ClockStop()
                                  ffff0f00         8   func ,g         * 
  MotorSystem::GPT_OAE(unsigned char)
                                  ffff0f08        17   func ,g         * 
  MotorSystem::GPT_OBE(unsigned char)
                                  ffff0f1f        12   func ,g         * 
  MotorSystem::MTU_ClockStart()
                                  ffff0f31        13   func ,g         * 
  MotorSystem::MTU_ClockStop()
                                  ffff0f44         c   func ,g         * 
  MotorSystem::CurrentCalibration()
                                  ffff0f50        9d   func ,g         * 
  MotorSystem::GetCurrent()
                                  ffff0fed        7e   func ,g         * 
  IIR_Filter<T1>::IIR_Filter<float>(float, int) [with T1=float]
                                  ffff106b        2d   func ,l         * 
  float IIR_Filter<T1>::Put(T1) [with T1=float]
                                  ffff1098        19   func ,l         * 
  MotorSystem::GetVelocity()
                                  ffff10b1         3   func ,g         * 
  MotorSystem::PositionControlStart()
                                  ffff10b4         8   func ,g         * 
  MotorSystem::VelocityControlStart()
                                  ffff10bc         8   func ,g         * 
  MotorSystem::CurrentControlStart()
                                  ffff10c4         8   func ,g         * 
  MotorSystem::PositionControlStop()
                                  ffff10cc         8   func ,g         * 
  MotorSystem::VelocityControlStop()
                                  ffff10d4         8   func ,g         * 
  MotorSystem::CurrentControlStop()
                                  ffff10dc         8   func ,g         * 
  MotorSystem::AllControlStart()
                                  ffff10e4        12   func ,g         * 
  MotorSystem::AllControlStop()
                                  ffff10f6        12   func ,g         * 
  MotorSystem::VelocityCalculation()
                                  ffff1108       10f   func ,g         * 
  MTU0_TGIA0()
                                  ffff1217        23   func ,g         * 
  MTU0_TGIC0()
                                  ffff123a        23   func ,g         * 
  MTU1_TCIU1()
                                  ffff125d        11   func ,g         * 
  MTU1_TCIV1()
                                  ffff126e        11   func ,g         * 
  MTU2_TGIA2()
                                  ffff127f        21   func ,g         * 
  S12AD0_S12ADI0()
                                  ffff12a0         2   func ,g         * 
FILE=DefaultBuild\MotorSystem7.obj
                                  ffff12a2  ffff139d        fc
  CMT_Init()
                                  ffff12a2        47   func ,g         * 
  Logout()
                                  ffff12e9        2f   func ,g         * 
  _main
                                  ffff1318        33   func ,g         * 
  InitMotorSystem(MotorSystem *)
                                  ffff134b        49   func ,g         * 
  void PID<T1>::SetPGain(float) [with T1=float]
                                  ffff1394         3   func ,l         * 
  void PID<T1>::SetIGain(float) [with T1=float]
                                  ffff1397         3   func ,l         * 
  void PID<T1>::SetDGain(float) [with T1=float]
                                  ffff139a         3   func ,l         * 
  _abort
                                  ffff139d         1   func ,g         * 
FILE=DefaultBuild\MotorSystem_Motor.obj
                                  ffff139e  ffff1572       1d5
  MotorSystem::SetDuty(float)
                                  ffff139e        a2   func ,g         * 
  MotorSystem::i_TorqueControl()
                                  ffff1440        78   func ,g         * 
  float PID<T1>::Run(T1, T1) [with T1=float]
                                  ffff14b8        45   func ,l         * 
  MotorSystem::i_VelocityControl()
                                  ffff14fd        49   func ,g         * 
  MotorSystem::i_PositionControl()
                                  ffff1546         1   func ,g         * 
  T1 Limit<T1>(T1, T1, T1, bool &) [with T1=float]
                                  ffff1547        1a   func ,g         * 
  T1 Limit<T1>(T1, T1, T1) [with T1=float]
                                  ffff1561        12   func ,g         * 
FILE=DefaultBuild\MotorSystem_System.obj
                                  ffff1573  ffff16e6       174
  MotorSystem::GetMode()
                                  ffff1573         3   func ,g         * 
  MotorSystem::SetMode(MotorSystem_Mode)
                                  ffff1576        6d   func ,g         * 
  void PID<T1>::SumReset() [with T1=float]
                                  ffff15e3         7   func ,l         * 
  MotorSystem::SetMode(MotorSystem_ErrorMode)
                                  ffff15ea        20   func ,g         * 
  MotorSystem::IsPause()
                                  ffff160a        10   func ,g         * 
  MotorSystem::IsAction()
                                  ffff161a        17   func ,g         * 
  MotorSystem::IsError()
                                  ffff1631         8   func ,g         * 
  MotorSystem::Calibration()
                                  ffff1639        26   func ,g         * 
  MotorSystem::SetVoltage(float)
                                  ffff165f        11   func ,g         * 
  MotorSystem::SetVelocity(float)
                                  ffff1670        54   func ,g         * 
  MotorSystem::SetTorque(float)
                                  ffff16c4        23   func ,g         * 
FILE=DefaultBuild\MotorSystem_CanHandle.obj
                                  ffff16e7  ffff1863       17d
  MotorSystem::SendHandle(CAN_MSG)
                                  ffff16e7         3   func ,g         * 
  MotorSystem::NormalCommandHandle(CAN_MSG)
                                  ffff16ea       171   func ,g         * 
  void PID<T1>::SetPGain(float) [with T1=float]
                                  ffff185b         3   func ,l         * 
  void PID<T1>::SetIGain(float) [with T1=float]
                                  ffff185e         3   func ,l         * 
  void PID<T1>::SetDGain(float) [with T1=float]
                                  ffff1861         3   func ,l         * 
FILE=DefaultBuild\_rx62t_can_driver.obj
                                  ffff1864  ffff1b45       2e2
  _rx62t_CAN_bus::_rx62t_CAN_bus()
                                  ffff1864        d1   func ,g         * 
  _rx_CAN_bus::_rx_CAN_bus()
                                  ffff1935        23   func ,l         * 
  CAN_bus::CAN_bus()
                                  ffff1958        18   func ,l         * 
  _rx62t_CAN_bus::SetMode(CAN_Mode)
                                  ffff1970        1b   func ,g         * 
  _rx62t_CAN_bus::SetMask(int, unsigned short, unsigned short)
                                  ffff198b        29   func ,g         * 
  _rx62t_CAN_bus::CAN0_TXM0()
                                  ffff19b4        18   func ,g         * 
  _rx62t_CAN_bus::CAN0_RXM0()
                                  ffff19cc        18   func ,g         * 
  _rx62t_CAN_bus::p_MB_registe_write(int, CAN_MSG &)
                                  ffff19e4        7a   func ,g         * 
  _rx62t_CAN_bus::p_MB_registe_read(int, CAN_MSG &)
                                  ffff1a5e        49   func ,g         * 
  _rx62t_CAN_bus::p_MIER_registe_write(int, int)
                                  ffff1aa7        12   func ,g         * 
  _rx62t_CAN_bus::p_MKIVLR_registe_write(int, int)
                                  ffff1ab9        12   func ,g         * 
  _rx62t_CAN_bus::p_MCTL_registe_write(int, unsigned char)
                                  ffff1acb         9   func ,g         * 
  _rx62t_CAN_bus::p_MCTL_TRMREQ_registe_write(int, int)
                                  ffff1ad4        13   func ,g         * 
  _rx62t_CAN_bus::p_MCTL_RECREQ_registe_write(int, int)
                                  ffff1ae7        1a   func ,g         * 
  _rx62t_CAN_bus::p_MCTL_is_use(int)
                                  ffff1b01         e   func ,g         * 
  _rx62t_CAN_bus::p_STR_SDST()
                                  ffff1b0f         c   func ,g         * 
  _rx62t_CAN_bus::p_STR_NDST()
                                  ffff1b1b         a   func ,g         * 
  _rx62t_CAN_bus::p_STR_SENDDATA(int)
                                  ffff1b25         b   func ,g         * 
  _rx62t_CAN_bus::p_STR_NEWDATA(int)
                                  ffff1b30         b   func ,g         * 
  _rx62t_CAN_bus::GetMsgBuff(int)
                                  ffff1b3b         b   func ,g         * 
FILE=DefaultBuild\_rx_can_bus.obj
                                  ffff1b46  ffff1e06       2c1
  _rx_CAN_bus::Send(CAN_MSG)
                                  ffff1b46        7e   func ,g         * 
  _rx_CAN_bus::ReceiveSet(CAN_MSG, bool)
                                  ffff1bc4        90   func ,g         * 
  _rx_CAN_bus::ReceiveSet(CAN_MSG, unsigned short, bool)
                                  ffff1c54        8e   func ,g         * 
  _rx_CAN_bus::HandleCall(int)
                                  ffff1ce2        4e   func ,g         * 
  _rx_CAN_bus::RXM()
                                  ffff1d30        64   func ,g         * 
  _rx_CAN_bus::TXM()
                                  ffff1d94        73   func ,g         * 
FILE=sqrtf
                                  ffff1e07  ffff1eda        d4
  _in_sqrtf1
                                  ffff1e07        4f   func ,l         * 
  _sqrt_rare0
                                  ffff1e56        27   func ,l         * 
  _sqrtl
                                  ffff1e7d         2   func ,g         * 
  _sqrt
                                  ffff1e7f         2   func ,g         * 
  _sqrtf
                                  ffff1e81        5a   func ,g         * 
FILE=freopen
                                  ffff1edb  ffff1f09        2f
  _freopen
                                  ffff1edb        2f   func ,g         * 
FILE=fclose
                                  ffff1f0a  ffff1f5d        54
  _fclose
                                  ffff1f0a        54   func ,g         * 
FILE=new
                                  ffff1f5e  ffff1f9d        40
  operator new(unsigned long)
                                  ffff1f5e        40   func ,g         * 
FILE=pure_virt
                                  ffff1f9e  ffff1fa3         6
  ___pure_virtual_called
                                  ffff1f9e         6   func ,g         * 
FILE=cppinit
                                  ffff1fa4  ffff1fc3        20
  __CALL_INIT
                                  ffff1fa4        1c   func ,g         * 
  __CALL_END
                                  ffff1fc0         4   func ,g         * 
FILE=__initsct
                                  ffff1fc4  ffff200d        4a
  __INITSCT
                                  ffff1fc4         0   none ,g         * 
  loop1
                                  ffff1fd6         0   none ,l         * 
  next_loop1
                                  ffff1fe4         0   none ,l         * 
  loop3
                                  ffff1ff6         0   none ,l         * 
  next_loop3
                                  ffff2007         0   none ,l         * 
FILE=fflush
                                  ffff200e  ffff2090        83
  _fflush
                                  ffff200e        83   func ,g         * 
FILE=xfoprep
                                  ffff2091  ffff2168        d8
  __Foprep
                                  ffff2091        d8   func ,g         * 
FILE=xfofind
                                  ffff2169  ffff21f6        8e
  __Fofind
                                  ffff2169        45   func ,g         * 
  __Fofree
                                  ffff21ae        49   func ,g         * 
FILE=error
                                  ffff21f7  ffff21fa         4
  ___abort_execution
                                  ffff21f7         4   func ,g         * 
FILE=newhandler
                                  ffff21fb  ffff21fb         1
  __default_new_handler()
                                  ffff21fb         1   func ,g         * 
FILE=static_init
                                  ffff21fc  ffff2261        66
  __call_dtors()
                                  ffff21fc        66   func ,g         * 
FILE=free
                                  ffff2262  ffff22e4        83
  _free
                                  ffff2262        83   func ,g         * 
FILE=malloc
                                  ffff22e5  ffff23c2        de
  _findmem
                                  ffff22e5        7b   func ,l         * 
  _malloc
                                  ffff2360        63   func ,g         * 
FILE=xfopen
                                  ffff23c3  ffff23f2        30
  __Fopen
                                  ffff23c3        30   func ,g         * 
FILE=dtor_list
                                  ffff23f3  ffff243d        4b
  __process_needed_destructions()
                                  ffff23f3        26   func ,g         * 
  ___already_marked_for_destruction
                                  ffff2419         6   func ,g         * 
  ___record_needed_destruction
                                  ffff241f        1d   func ,g         * 
  ___std__needed_destruction_list
                                  ffff243c         2   func ,g         * 
FILE=xgetmem
                                  ffff243e  ffff2458        1b
  __Getmem
                                  ffff243e        1b   func ,g         * 

SECTION=PIntPRG
FILE=DefaultBuild\intprg.obj
                                  ffff2459  ffff253b        e3
  _Excep_SuperVisorInst
                                  ffff2459         2   func ,g         * 
  _Excep_AccessInst
                                  ffff245b         2   func ,g         * 
  _Excep_UndefinedInst
                                  ffff245d         2   func ,g         * 
  _Excep_FloatingPoint
                                  ffff245f         2   func ,g         * 
  _NonMaskableInterrupt
                                  ffff2461         2   func ,g         * 
  _Dummy
                                  ffff2463         2   func ,g         * 
  _Excep_BRK
                                  ffff2465         4   func ,g         * 
  _Excep_BSC_BUSERR
                                  ffff2469         2   func ,g         * 
  _Excep_FCUIF_FIFERR
                                  ffff246b         2   func ,g         * 
  _Excep_FCUIF_FRDYI
                                  ffff246d         2   func ,g         * 
  _Excep_ICU_SWINT
                                  ffff246f         2   func ,g         * 
  _Excep_CMT0_CMI0
                                  ffff2471         1   func ,g         * 
  _Excep_CMT1_CMI1
                                  ffff2472         2   func ,g         * 
  _Excep_CMT2_CMI2
                                  ffff2474         2   func ,g         * 
  _Excep_CMT3_CMI3
                                  ffff2476         2   func ,g         * 
  _Excep_RSPI0_SPEI0
                                  ffff2478         2   func ,g         * 
  _Excep_RSPI0_SPRI0
                                  ffff247a         2   func ,g         * 
  _Excep_RSPI0_SPTI0
                                  ffff247c         2   func ,g         * 
  _Excep_RSPI0_SPII0
                                  ffff247e         2   func ,g         * 
  _Excep_CAN0_ERS0
                                  ffff2480         2   func ,g         * 
  _Excep_CAN0_RXF0
                                  ffff2482         2   func ,g         * 
  _Excep_CAN0_TXF0
                                  ffff2484         2   func ,g         * 
  _Excep_CAN0_RXM0
                                  ffff2486         1   func ,g         * 
  _Excep_CAN0_TXM0
                                  ffff2487         1   func ,g         * 
  _Excep_ICU_IRQ0
                                  ffff2488         2   func ,g         * 
  _Excep_ICU_IRQ1
                                  ffff248a         2   func ,g         * 
  _Excep_ICU_IRQ2
                                  ffff248c         2   func ,g         * 
  _Excep_ICU_IRQ3
                                  ffff248e         2   func ,g         * 
  _Excep_ICU_IRQ4
                                  ffff2490         2   func ,g         * 
  _Excep_ICU_IRQ5
                                  ffff2492         2   func ,g         * 
  _Excep_ICU_IRQ6
                                  ffff2494         2   func ,g         * 
  _Excep_ICU_IRQ7
                                  ffff2496         2   func ,g         * 
  _Excep_WDT_WOVI
                                  ffff2498         2   func ,g         * 
  _Excep_AD0_ADI0
                                  ffff249a         2   func ,g         * 
  _Excep_S12AD0_S12ADI0
                                  ffff249c         1   func ,g         * 
  _Excep_S12AD1_S12ADI1
                                  ffff249d         2   func ,g         * 
  _Excep_CMPB_CMPI
                                  ffff249f         2   func ,g         * 
  _Excep_MTU0_TGIA0
                                  ffff24a1         1   func ,g         * 
  _Excep_MTU0_TGIB0
                                  ffff24a2         2   func ,g         * 
  _Excep_MTU0_TGIC0
                                  ffff24a4         1   func ,g         * 
  _Excep_MTU0_TGID0
                                  ffff24a5         2   func ,g         * 
  _Excep_MTU0_TCIV0
                                  ffff24a7         2   func ,g         * 
  _Excep_MTU0_TGIE0
                                  ffff24a9         2   func ,g         * 
  _Excep_MTU0_TGIF0
                                  ffff24ab         2   func ,g         * 
  _Excep_MTU1_TGIA1
                                  ffff24ad         2   func ,g         * 
  _Excep_MTU1_TGIB1
                                  ffff24af         2   func ,g         * 
  _Excep_MTU1_TCIV1
                                  ffff24b1         1   func ,g         * 
  _Excep_MTU1_TCIU1
                                  ffff24b2         1   func ,g         * 
  _Excep_MTU2_TGIA2
                                  ffff24b3         1   func ,g         * 
  _Excep_MTU2_TGIB2
                                  ffff24b4         2   func ,g         * 
  _Excep_MTU2_TCIV2
                                  ffff24b6         2   func ,g         * 
  _Excep_MTU2_TCIU2
                                  ffff24b8         2   func ,g         * 
  _Excep_MTU3_TGIA3
                                  ffff24ba         2   func ,g         * 
  _Excep_MTU3_TGIB3
                                  ffff24bc         2   func ,g         * 
  _Excep_MTU3_TGIC3
                                  ffff24be         2   func ,g         * 
  _Excep_MTU3_TGID3
                                  ffff24c0         2   func ,g         * 
  _Excep_MTU3_TCIV3
                                  ffff24c2         2   func ,g         * 
  _Excep_MTU4_TGIA4
                                  ffff24c4         2   func ,g         * 
  _Excep_MTU4_TGIB4
                                  ffff24c6         2   func ,g         * 
  _Excep_MTU4_TGIC4
                                  ffff24c8         2   func ,g         * 
  _Excep_MTU4_TGID4
                                  ffff24ca         2   func ,g         * 
  _Excep_MTU4_TCIV4
                                  ffff24cc         2   func ,g         * 
  _Excep_MTU5_TGIU5
                                  ffff24ce         2   func ,g         * 
  _Excep_MTU5_TGIV5
                                  ffff24d0         2   func ,g         * 
  _Excep_MTU5_TGIW5
                                  ffff24d2         2   func ,g         * 
  _Excep_MTU6_TGIA6
                                  ffff24d4         2   func ,g         * 
  _Excep_MTU6_TGIB6
                                  ffff24d6         2   func ,g         * 
  _Excep_MTU6_TGIC6
                                  ffff24d8         2   func ,g         * 
  _Excep_MTU6_TGID6
                                  ffff24da         2   func ,g         * 
  _Excep_MTU6_TCIV6
                                  ffff24dc         2   func ,g         * 
  _Excep_MTU7_TGIA7
                                  ffff24de         2   func ,g         * 
  _Excep_MTU7_TGIB7
                                  ffff24e0         2   func ,g         * 
  _Excep_MTU7_TGIC7
                                  ffff24e2         2   func ,g         * 
  _Excep_MTU7_TGID7
                                  ffff24e4         2   func ,g         * 
  _Excep_MTU7_TCIV7
                                  ffff24e6         2   func ,g         * 
  _Excep_POE_OEI1
                                  ffff24e8         2   func ,g         * 
  _Excep_POE_OEI2
                                  ffff24ea         2   func ,g         * 
  _Excep_POE_OEI3
                                  ffff24ec         2   func ,g         * 
  _Excep_POE_OEI4
                                  ffff24ee         2   func ,g         * 
  _Excep_GPT0_GTCIA0
                                  ffff24f0         2   func ,g         * 
  _Excep_GPT0_GTCIB0
                                  ffff24f2         2   func ,g         * 
  _Excep_GPT0_GTCIC0
                                  ffff24f4         2   func ,g         * 
  _Excep_GPT0_GTCIE0
                                  ffff24f6         2   func ,g         * 
  _Excep_GPT0_GTCIV0
                                  ffff24f8         2   func ,g         * 
  _Excep_GPT0_LOCO1
                                  ffff24fa         2   func ,g         * 
  _Excep_GPT1_GTCIA1
                                  ffff24fc         2   func ,g         * 
  _Excep_GPT1_GTCIB1
                                  ffff24fe         2   func ,g         * 
  _Excep_GPT1_GTCIC1
                                  ffff2500         2   func ,g         * 
  _Excep_GPT1_GTCIE1
                                  ffff2502         2   func ,g         * 
  _Excep_GPT1_GTCIV1
                                  ffff2504         2   func ,g         * 
  _Excep_GPT2_GTCIA2
                                  ffff2506         2   func ,g         * 
  _Excep_GPT2_GTCIB2
                                  ffff2508         2   func ,g         * 
  _Excep_GPT2_GTCIC2
                                  ffff250a         2   func ,g         * 
  _Excep_GPT2_GTCIE2
                                  ffff250c         2   func ,g         * 
  _Excep_GPT2_GTCIV2
                                  ffff250e         2   func ,g         * 
  _Excep_GPT3_GTCIA3
                                  ffff2510         2   func ,g         * 
  _Excep_GPT3_GTCIB3
                                  ffff2512         2   func ,g         * 
  _Excep_GPT3_GTCIC3
                                  ffff2514         2   func ,g         * 
  _Excep_GPT3_GTCIE3
                                  ffff2516         2   func ,g         * 
  _Excep_GPT3_GTCIV3
                                  ffff2518         2   func ,g         * 
  _Excep_SCI0_ERI0
                                  ffff251a         2   func ,g         * 
  _Excep_SCI0_RXI0
                                  ffff251c         2   func ,g         * 
  _Excep_SCI0_TXI0
                                  ffff251e         2   func ,g         * 
  _Excep_SCI0_TEI0
                                  ffff2520         2   func ,g         * 
  _Excep_SCI1_ERI1
                                  ffff2522         2   func ,g         * 
  _Excep_SCI1_RXI1
                                  ffff2524         2   func ,g         * 
  _Excep_SCI1_TXI1
                                  ffff2526         2   func ,g         * 
  _Excep_SCI1_TEI1
                                  ffff2528         2   func ,g         * 
  _Excep_SCI2_ERI2
                                  ffff252a         2   func ,g         * 
  _Excep_SCI2_RXI2
                                  ffff252c         2   func ,g         * 
  _Excep_SCI2_TXI2
                                  ffff252e         2   func ,g         * 
  _Excep_SCI2_TEI2
                                  ffff2530         2   func ,g         * 
  _Excep_RIIC0_ICEEI0
                                  ffff2532         2   func ,g         * 
  _Excep_RIIC0_ICRXI0
                                  ffff2534         2   func ,g         * 
  _Excep_RIIC0_ICTXI0
                                  ffff2536         2   func ,g         * 
  _Excep_RIIC0_ICTEI0
                                  ffff2538         2   func ,g         * 
  _Excep_LIN0_LIN0
                                  ffff253a         2   func ,g         * 

SECTION=L
FILE=DefaultBuild\lowsrc.obj
                                  ffff253c  ffff257d        42

SECTION=$ADDR_C_FFFFFFA0
FILE=DefaultBuild\vecttbl.obj
                                  ffffffa0  ffffffaf        10
  _id_code
                                  ffffffa0        10   data ,g         * 

SECTION=FIXEDVECT
FILE=DefaultBuild\vecttbl.obj
                                  ffffffd0  ffffffff        30
  _Fixed_Vectors
                                  ffffffd0        30   data ,g         * 

Absolute value symbols
FILE=DefaultBuild\lowlvl_E1.obj
  TXFL0EN
                                  00000100         0   none ,l         * 
  RXFL0EN
                                  00001000         0   none ,l         * 
  FE2C0
                                  00084090         0   none ,l         * 
  DBGSTAT
                                  000840c0         0   none ,l         * 
  FC2E0
                                  00084080         0   none ,l         * 

*** Unfilled Areas ***

AREA                                START    END

*** Delete Symbols ***

SYMBOL                                SIZE    INFO
